=== Pyramidal-only retrain  seed=2024  test_size=0.5 ===
  source model dir: v12_gentle_seed42
  output model dir: v12_pyramidal_only_seed2024
  SWCAL_GNN_FOCAL_GAMMA      = 2.0
  SWCAL_CLASS_BALANCE_POWER  = 1.25
  SWCAL_GNN_CLASS_WEIGHT     = inverse_sqrt

[Split] QC-passed pyramidals: 8993
  train=4483  test=4510
  GNN test_files.pyramidal = 6996 files  (test half + 2486 dropped)
  copied frozen artifact: cell_type_classifier.pkl
  copied frozen artifact: qc_gate.pkl

[Stage 2] training pyramidal sub-model on 4483 files...
  Stage 2 elapsed: 21.0 min
  merged Stage 2 -> D:\Desktop\swc-autolabel-ml\paper\models\v12_pyramidal_only_seed2024\branch_classifier.pkl  ({'merged_keys': ['interneuron', 'pyramidal'], 'source_interneuron_present': True, 'new_pyramidal_present': True})

[GNN] training (seed=2024, gnn-type=sage)...
  CMD: D:\Desktop\SWC-Studio\.venv\Scripts\python.exe -u -m paper.gnn_apical_basal --data-dir D:\Desktop\swc-autolabel-ml\data\v12_uncurated --eval-split D:\Desktop\swc-autolabel-ml\paper\models\v12_pyramidal_only_seed2024\eval_split_for_gnn.json --ckpt D:\Desktop\swc-autolabel-ml\paper\models\v12_pyramidal_only_seed2024\gnn_apical_basal.pt --seed 2024 --gnn-type sage
Device: cuda
  GPU: NVIDIA GeForce RTX 4080
Loading pyramidal graphs from D:\Desktop\swc-autolabel-ml\data\v12_uncurated ...
  processed 200 files, kept 200, branches so far: 40635 (apical/basal labeled: 19021)
  processed 400 files, kept 400, branches so far: 90789 (apical/basal labeled: 39298)
  processed 600 files, kept 600, branches so far: 140086 (apical/basal labeled: 57964)
  processed 800 files, kept 800, branches so far: 182629 (apical/basal labeled: 79907)
  processed 1000 files, kept 1000, branches so far: 232923 (apical/basal labeled: 99794)
  processed 1200 files, kept 1200, branches so far: 287310 (apical/basal labeled: 122098)
  processed 1400 files, kept 1400, branches so far: 335759 (apical/basal labeled: 143948)
  processed 1600 files, kept 1600, branches so far: 368254 (apical/basal labeled: 163168)
  processed 1800 files, kept 1800, branches so far: 380984 (apical/basal labeled: 175375)
  processed 2000 files, kept 2000, branches so far: 391715 (apical/basal labeled: 185187)
  processed 2200 files, kept 2200, branches so far: 404956 (apical/basal labeled: 196156)
  processed 2400 files, kept 2400, branches so far: 415463 (apical/basal labeled: 204116)
  processed 2600 files, kept 2600, branches so far: 426563 (apical/basal labeled: 212827)
  processed 2800 files, kept 2800, branches so far: 437422 (apical/basal labeled: 222661)
  processed 3000 files, kept 3000, branches so far: 449303 (apical/basal labeled: 233187)
  processed 3200 files, kept 3200, branches so far: 460758 (apical/basal labeled: 244375)
  processed 3400 files, kept 3400, branches so far: 476013 (apical/basal labeled: 255777)
  processed 3600 files, kept 3600, branches so far: 492611 (apical/basal labeled: 268144)
  processed 3800 files, kept 3800, branches so far: 508493 (apical/basal labeled: 277562)
  processed 4000 files, kept 4000, branches so far: 521780 (apical/basal labeled: 287311)
  processed 4200 files, kept 4200, branches so far: 532921 (apical/basal labeled: 298244)
  processed 4400 files, kept 4400, branches so far: 545324 (apical/basal labeled: 310433)
  processed 4600 files, kept 4600, branches so far: 569911 (apical/basal labeled: 330154)
  processed 4800 files, kept 4800, branches so far: 595232 (apical/basal labeled: 348575)
  processed 5000 files, kept 5000, branches so far: 612232 (apical/basal labeled: 361055)
  processed 5200 files, kept 5200, branches so far: 622461 (apical/basal labeled: 370981)
  processed 5400 files, kept 5400, branches so far: 634321 (apical/basal labeled: 382768)
  processed 5600 files, kept 5600, branches so far: 645966 (apical/basal labeled: 393397)
  processed 5800 files, kept 5800, branches so far: 659593 (apical/basal labeled: 405793)
  processed 6000 files, kept 6000, branches so far: 666854 (apical/basal labeled: 412134)
  processed 6200 files, kept 6200, branches so far: 671109 (apical/basal labeled: 416320)
  processed 6400 files, kept 6400, branches so far: 675190 (apical/basal labeled: 420401)
  processed 6600 files, kept 6600, branches so far: 684819 (apical/basal labeled: 430021)
  processed 6800 files, kept 6800, branches so far: 694952 (apical/basal labeled: 439231)
  processed 7000 files, kept 7000, branches so far: 704262 (apical/basal labeled: 446570)
  processed 7200 files, kept 7200, branches so far: 710741 (apical/basal labeled: 453049)
  processed 7400 files, kept 7400, branches so far: 718671 (apical/basal labeled: 460979)
  processed 7600 files, kept 7600, branches so far: 726876 (apical/basal labeled: 467659)
  processed 7800 files, kept 7800, branches so far: 739231 (apical/basal labeled: 479152)
  processed 8000 files, kept 8000, branches so far: 746246 (apical/basal labeled: 485919)
  processed 8200 files, kept 8200, branches so far: 756507 (apical/basal labeled: 495933)
  processed 8400 files, kept 8400, branches so far: 766976 (apical/basal labeled: 506360)
  processed 8600 files, kept 8600, branches so far: 788318 (apical/basal labeled: 527409)
  processed 8800 files, kept 8800, branches so far: 808668 (apical/basal labeled: 546809)
  processed 9000 files, kept 9000, branches so far: 838510 (apical/basal labeled: 554174)
  processed 9200 files, kept 9200, branches so far: 843263 (apical/basal labeled: 558754)
  processed 9400 files, kept 9400, branches so far: 853777 (apical/basal labeled: 569110)
  processed 9600 files, kept 9545, branches so far: 860373 (apical/basal labeled: 569241)
  processed 9800 files, kept 9744, branches so far: 871283 (apical/basal labeled: 569241)
  processed 10000 files, kept 9943, branches so far: 882760 (apical/basal labeled: 569241)
  processed 10200 files, kept 10143, branches so far: 894812 (apical/basal labeled: 569241)
  processed 10600 files, kept 10460, branches so far: 914882 (apical/basal labeled: 579047)
  processed 10800 files, kept 10660, branches so far: 919623 (apical/basal labeled: 581687)
  processed 11000 files, kept 10860, branches so far: 928435 (apical/basal labeled: 589504)
  processed 11200 files, kept 11060, branches so far: 937280 (apical/basal labeled: 598233)
  processed 11400 files, kept 11260, branches so far: 945293 (apical/basal labeled: 606092)
  total=11339  train=4483  test=6856  (expected: 763 / 169 from eval_split.json)
  train apical/basal labeled branches: 285438
  test  apical/basal labeled branches: 324848
  WARN: 140 test files not found: e.g. neuromorpho__Snap-23.swc

Train graphs: 4483  apical/basal-labeled branches: 285438
Input feature dim: 47
Model: 2-layer GraphSAGE, hidden=64, dropout=0.2, params=14,466

=== Fold 1/5  train=3586  val=897 ===
    GNN class weight enabled: [0.8530303239822388, 1.2641698122024536]
  fold0 ep000  loss=0.0847  val: macroF1=0.8823 apF1=0.8355 baF1=0.9292 cellF1=0.8957  (best ep0 F1=0.8823)
  fold0 ep004  loss=0.0564  val: macroF1=0.9121 apF1=0.8783 baF1=0.9460 cellF1=0.9149  (best ep4 F1=0.9121)
  fold0 ep009  loss=0.0495  val: macroF1=0.9136 apF1=0.8793 baF1=0.9478 cellF1=0.9194  (best ep8 F1=0.9193)
  fold0 ep014  loss=0.0470  val: macroF1=0.9169 apF1=0.8859 baF1=0.9480 cellF1=0.9190  (best ep13 F1=0.9265)
  fold0 ep019  loss=0.0449  val: macroF1=0.9238 apF1=0.8935 baF1=0.9540 cellF1=0.9221  (best ep13 F1=0.9265)
  fold0 ep024  loss=0.0425  val: macroF1=0.9145 apF1=0.8835 baF1=0.9455 cellF1=0.9215  (best ep20 F1=0.9268)
  fold0 ep029  loss=0.0426  val: macroF1=0.9270 apF1=0.8976 baF1=0.9563 cellF1=0.9198  (best ep29 F1=0.9270)
  fold0 ep034  loss=0.0430  val: macroF1=0.9159 apF1=0.8802 baF1=0.9516 cellF1=0.9046  (best ep29 F1=0.9270)
  fold0 ep039  loss=0.0405  val: macroF1=0.9286 apF1=0.9001 baF1=0.9570 cellF1=0.9210  (best ep39 F1=0.9286)
  fold0 ep044  loss=0.0404  val: macroF1=0.9262 apF1=0.8972 baF1=0.9552 cellF1=0.9238  (best ep40 F1=0.9296)
  fold0 ep049  loss=0.0406  val: macroF1=0.9294 apF1=0.9020 baF1=0.9569 cellF1=0.9289  (best ep40 F1=0.9296)
  fold0 ep054  loss=0.0384  val: macroF1=0.9256 apF1=0.8953 baF1=0.9560 cellF1=0.9202  (best ep40 F1=0.9296)
  fold0 ep059  loss=0.0404  val: macroF1=0.9266 apF1=0.8984 baF1=0.9548 cellF1=0.9266  (best ep56 F1=0.9304)
  fold0 ep064  loss=0.0405  val: macroF1=0.9253 apF1=0.8965 baF1=0.9541 cellF1=0.9227  (best ep56 F1=0.9304)
  fold0 ep069  loss=0.0389  val: macroF1=0.9266 apF1=0.8975 baF1=0.9557 cellF1=0.9216  (best ep56 F1=0.9304)
  fold0 ep074  loss=0.0388  val: macroF1=0.9273 apF1=0.8993 baF1=0.9554 cellF1=0.9283  (best ep70 F1=0.9315)
  fold0 ep079  loss=0.0398  val: macroF1=0.9231 apF1=0.8939 baF1=0.9523 cellF1=0.9247  (best ep70 F1=0.9315)
  fold0 ep084  loss=0.0385  val: macroF1=0.9241 apF1=0.8946 baF1=0.9535 cellF1=0.9251  (best ep70 F1=0.9315)
  fold0 ep089  loss=0.0380  val: macroF1=0.9312 apF1=0.9041 baF1=0.9582 cellF1=0.9264  (best ep88 F1=0.9324)
  fold0 ep094  loss=0.0387  val: macroF1=0.9231 apF1=0.8932 baF1=0.9530 cellF1=0.9261  (best ep88 F1=0.9324)
  fold0 ep099  loss=0.0372  val: macroF1=0.9284 apF1=0.9014 baF1=0.9554 cellF1=0.9305  (best ep88 F1=0.9324)
  fold0 ep104  loss=0.0382  val: macroF1=0.9280 apF1=0.8994 baF1=0.9565 cellF1=0.9258  (best ep88 F1=0.9324)
  fold0 ep109  loss=0.0369  val: macroF1=0.9255 apF1=0.8965 baF1=0.9545 cellF1=0.9229  (best ep88 F1=0.9324)
  fold0 ep114  loss=0.0378  val: macroF1=0.9291 apF1=0.9010 baF1=0.9571 cellF1=0.9243  (best ep110 F1=0.9330)
  fold0 ep119  loss=0.0372  val: macroF1=0.9300 apF1=0.9026 baF1=0.9574 cellF1=0.9270  (best ep110 F1=0.9330)
  fold0 ep124  loss=0.0369  val: macroF1=0.9281 apF1=0.9007 baF1=0.9555 cellF1=0.9300  (best ep110 F1=0.9330)
  fold0 ep129  loss=0.0382  val: macroF1=0.9279 apF1=0.9000 baF1=0.9558 cellF1=0.9265  (best ep110 F1=0.9330)
  fold0 ep134  loss=0.0369  val: macroF1=0.9298 apF1=0.9017 baF1=0.9578 cellF1=0.9268  (best ep110 F1=0.9330)
  fold0 early stop at ep135 (no val improvement for 25 ep)
  fold0 best ep=110  val macroF1=0.9330  (498s)

=== Fold 2/5  train=3586  val=897 ===
    GNN class weight enabled: [0.8539415597915649, 1.2612191438674927]
  fold1 ep000  loss=0.0844  val: macroF1=0.8883 apF1=0.8390 baF1=0.9377 cellF1=0.8899  (best ep0 F1=0.8883)
  fold1 ep004  loss=0.0570  val: macroF1=0.9173 apF1=0.8822 baF1=0.9524 cellF1=0.9090  (best ep4 F1=0.9173)
  fold1 ep009  loss=0.0512  val: macroF1=0.9236 apF1=0.8933 baF1=0.9539 cellF1=0.9203  (best ep9 F1=0.9236)
  fold1 ep014  loss=0.0469  val: macroF1=0.9172 apF1=0.8859 baF1=0.9486 cellF1=0.9193  (best ep9 F1=0.9236)
  fold1 ep019  loss=0.0449  val: macroF1=0.9223 apF1=0.8917 baF1=0.9529 cellF1=0.9187  (best ep16 F1=0.9274)
  fold1 ep024  loss=0.0441  val: macroF1=0.9278 apF1=0.8988 baF1=0.9568 cellF1=0.9240  (best ep20 F1=0.9282)
  fold1 ep029  loss=0.0429  val: macroF1=0.9247 apF1=0.8935 baF1=0.9558 cellF1=0.9138  (best ep27 F1=0.9321)
  fold1 ep034  loss=0.0416  val: macroF1=0.9247 apF1=0.8941 baF1=0.9554 cellF1=0.9177  (best ep27 F1=0.9321)
  fold1 ep039  loss=0.0413  val: macroF1=0.9300 apF1=0.9011 baF1=0.9590 cellF1=0.9199  (best ep37 F1=0.9345)
  fold1 ep044  loss=0.0415  val: macroF1=0.9286 apF1=0.8990 baF1=0.9581 cellF1=0.9170  (best ep37 F1=0.9345)
  fold1 ep049  loss=0.0399  val: macroF1=0.9277 apF1=0.8989 baF1=0.9564 cellF1=0.9248  (best ep37 F1=0.9345)
  fold1 ep054  loss=0.0389  val: macroF1=0.9355 apF1=0.9087 baF1=0.9624 cellF1=0.9233  (best ep54 F1=0.9355)
  fold1 ep059  loss=0.0400  val: macroF1=0.9206 apF1=0.8872 baF1=0.9540 cellF1=0.9057  (best ep54 F1=0.9355)
  fold1 ep064  loss=0.0397  val: macroF1=0.9287 apF1=0.9002 baF1=0.9572 cellF1=0.9241  (best ep54 F1=0.9355)
  fold1 ep069  loss=0.0395  val: macroF1=0.9286 apF1=0.8994 baF1=0.9579 cellF1=0.9195  (best ep54 F1=0.9355)
  fold1 ep074  loss=0.0393  val: macroF1=0.9282 apF1=0.8985 baF1=0.9579 cellF1=0.9198  (best ep54 F1=0.9355)
  fold1 ep079  loss=0.0394  val: macroF1=0.9282 apF1=0.8994 baF1=0.9569 cellF1=0.9220  (best ep54 F1=0.9355)
  fold1 early stop at ep79 (no val improvement for 25 ep)
  fold1 best ep=54  val macroF1=0.9355  (297s)

=== Fold 3/5  train=3586  val=897 ===
    GNN class weight enabled: [0.8480746746063232, 1.280761957168579]
  fold2 ep000  loss=0.0804  val: macroF1=0.8863 apF1=0.8501 baF1=0.9224 cellF1=0.8902  (best ep0 F1=0.8863)
  fold2 ep004  loss=0.0541  val: macroF1=0.8976 apF1=0.8621 baF1=0.9330 cellF1=0.8969  (best ep2 F1=0.9076)
  fold2 ep009  loss=0.0488  val: macroF1=0.9108 apF1=0.8813 baF1=0.9404 cellF1=0.9054  (best ep6 F1=0.9114)
  fold2 ep014  loss=0.0469  val: macroF1=0.9228 apF1=0.8984 baF1=0.9472 cellF1=0.9101  (best ep14 F1=0.9228)
  fold2 ep019  loss=0.0463  val: macroF1=0.9198 apF1=0.8929 baF1=0.9468 cellF1=0.9093  (best ep14 F1=0.9228)
  fold2 ep024  loss=0.0412  val: macroF1=0.9196 apF1=0.8936 baF1=0.9457 cellF1=0.9108  (best ep14 F1=0.9228)
  fold2 ep029  loss=0.0417  val: macroF1=0.9266 apF1=0.9019 baF1=0.9512 cellF1=0.9170  (best ep29 F1=0.9266)
  fold2 ep034  loss=0.0402  val: macroF1=0.9162 apF1=0.8867 baF1=0.9457 cellF1=0.9127  (best ep29 F1=0.9266)
  fold2 ep039  loss=0.0400  val: macroF1=0.9231 apF1=0.8969 baF1=0.9492 cellF1=0.9159  (best ep35 F1=0.9275)
  fold2 ep044  loss=0.0395  val: macroF1=0.9261 apF1=0.9009 baF1=0.9512 cellF1=0.9174  (best ep35 F1=0.9275)
  fold2 ep049  loss=0.0394  val: macroF1=0.9242 apF1=0.8984 baF1=0.9500 cellF1=0.9149  (best ep47 F1=0.9304)
  fold2 ep054  loss=0.0392  val: macroF1=0.9234 apF1=0.8996 baF1=0.9473 cellF1=0.9177  (best ep47 F1=0.9304)
  fold2 ep059  loss=0.0394  val: macroF1=0.9214 apF1=0.8950 baF1=0.9478 cellF1=0.9160  (best ep47 F1=0.9304)
  fold2 ep064  loss=0.0389  val: macroF1=0.9100 apF1=0.8772 baF1=0.9429 cellF1=0.9088  (best ep60 F1=0.9322)
  fold2 ep069  loss=0.0388  val: macroF1=0.9245 apF1=0.8990 baF1=0.9501 cellF1=0.9137  (best ep60 F1=0.9322)
  fold2 ep074  loss=0.0389  val: macroF1=0.9205 apF1=0.8943 baF1=0.9466 cellF1=0.9199  (best ep60 F1=0.9322)
  fold2 ep079  loss=0.0387  val: macroF1=0.9185 apF1=0.8901 baF1=0.9469 cellF1=0.9153  (best ep60 F1=0.9322)
  fold2 ep084  loss=0.0367  val: macroF1=0.9337 apF1=0.9114 baF1=0.9561 cellF1=0.9196  (best ep84 F1=0.9337)
  fold2 ep089  loss=0.0376  val: macroF1=0.9208 apF1=0.8940 baF1=0.9477 cellF1=0.9233  (best ep84 F1=0.9337)
  fold2 ep094  loss=0.0374  val: macroF1=0.9242 apF1=0.8985 baF1=0.9499 cellF1=0.9191  (best ep84 F1=0.9337)
  fold2 ep099  loss=0.0386  val: macroF1=0.9194 apF1=0.8917 baF1=0.9471 cellF1=0.9208  (best ep84 F1=0.9337)
  fold2 ep104  loss=0.0378  val: macroF1=0.9205 apF1=0.8928 baF1=0.9481 cellF1=0.9193  (best ep84 F1=0.9337)
  fold2 ep109  loss=0.0362  val: macroF1=0.9198 apF1=0.8915 baF1=0.9481 cellF1=0.9150  (best ep84 F1=0.9337)
  fold2 early stop at ep109 (no val improvement for 25 ep)
  fold2 best ep=84  val macroF1=0.9337  (408s)

=== Fold 4/5  train=3587  val=896 ===
    GNN class weight enabled: [0.8514825701713562, 1.2692517042160034]
  fold3 ep000  loss=0.0870  val: macroF1=0.8977 apF1=0.8600 baF1=0.9354 cellF1=0.8918  (best ep0 F1=0.8977)
  fold3 ep004  loss=0.0573  val: macroF1=0.9230 apF1=0.8947 baF1=0.9513 cellF1=0.9108  (best ep4 F1=0.9230)
  fold3 ep009  loss=0.0523  val: macroF1=0.9213 apF1=0.8921 baF1=0.9506 cellF1=0.9085  (best ep4 F1=0.9230)
  fold3 ep014  loss=0.0497  val: macroF1=0.9306 apF1=0.9051 baF1=0.9561 cellF1=0.9210  (best ep14 F1=0.9306)
  fold3 ep019  loss=0.0481  val: macroF1=0.9293 apF1=0.9034 baF1=0.9552 cellF1=0.9204  (best ep17 F1=0.9314)
  fold3 ep024  loss=0.0454  val: macroF1=0.9269 apF1=0.9008 baF1=0.9530 cellF1=0.9190  (best ep22 F1=0.9336)
  fold3 ep029  loss=0.0446  val: macroF1=0.9288 apF1=0.9031 baF1=0.9544 cellF1=0.9218  (best ep22 F1=0.9336)
  fold3 ep034  loss=0.0427  val: macroF1=0.9295 apF1=0.9043 baF1=0.9546 cellF1=0.9214  (best ep33 F1=0.9358)
  fold3 ep039  loss=0.0431  val: macroF1=0.9410 apF1=0.9191 baF1=0.9628 cellF1=0.9261  (best ep39 F1=0.9410)
  fold3 ep044  loss=0.0433  val: macroF1=0.9318 apF1=0.9070 baF1=0.9566 cellF1=0.9214  (best ep39 F1=0.9410)
  fold3 ep049  loss=0.0436  val: macroF1=0.9348 apF1=0.9108 baF1=0.9589 cellF1=0.9205  (best ep39 F1=0.9410)
  fold3 ep054  loss=0.0423  val: macroF1=0.9345 apF1=0.9096 baF1=0.9595 cellF1=0.9183  (best ep39 F1=0.9410)
  fold3 ep059  loss=0.0413  val: macroF1=0.9326 apF1=0.9082 baF1=0.9570 cellF1=0.9251  (best ep58 F1=0.9416)
  fold3 ep064  loss=0.0412  val: macroF1=0.9351 apF1=0.9108 baF1=0.9594 cellF1=0.9238  (best ep58 F1=0.9416)
  fold3 ep069  loss=0.0412  val: macroF1=0.9327 apF1=0.9086 baF1=0.9568 cellF1=0.9240  (best ep58 F1=0.9416)
  fold3 ep074  loss=0.0393  val: macroF1=0.9436 apF1=0.9223 baF1=0.9648 cellF1=0.9282  (best ep74 F1=0.9436)
  fold3 ep079  loss=0.0415  val: macroF1=0.9346 apF1=0.9106 baF1=0.9585 cellF1=0.9241  (best ep74 F1=0.9436)
  fold3 ep084  loss=0.0403  val: macroF1=0.9343 apF1=0.9106 baF1=0.9580 cellF1=0.9251  (best ep74 F1=0.9436)
  fold3 ep089  loss=0.0394  val: macroF1=0.9398 apF1=0.9171 baF1=0.9626 cellF1=0.9242  (best ep74 F1=0.9436)
  fold3 ep094  loss=0.0408  val: macroF1=0.9419 apF1=0.9202 baF1=0.9635 cellF1=0.9278  (best ep74 F1=0.9436)
  fold3 ep099  loss=0.0399  val: macroF1=0.9284 apF1=0.9033 baF1=0.9535 cellF1=0.9228  (best ep74 F1=0.9436)
  fold3 early stop at ep99 (no val improvement for 25 ep)
  fold3 best ep=74  val macroF1=0.9436  (372s)

=== Fold 5/5  train=3587  val=896 ===
    GNN class weight enabled: [0.8502798080444336, 1.2732627391815186]
  fold4 ep000  loss=0.0851  val: macroF1=0.8976 apF1=0.8618 baF1=0.9333 cellF1=0.8966  (best ep0 F1=0.8976)
  fold4 ep004  loss=0.0555  val: macroF1=0.9219 apF1=0.8952 baF1=0.9487 cellF1=0.9169  (best ep4 F1=0.9219)
  fold4 ep009  loss=0.0520  val: macroF1=0.9263 apF1=0.9003 baF1=0.9523 cellF1=0.9188  (best ep9 F1=0.9263)
  fold4 ep014  loss=0.0477  val: macroF1=0.9293 apF1=0.9040 baF1=0.9546 cellF1=0.9198  (best ep14 F1=0.9293)
  fold4 ep019  loss=0.0471  val: macroF1=0.9210 apF1=0.8942 baF1=0.9479 cellF1=0.9203  (best ep14 F1=0.9293)
  fold4 ep024  loss=0.0473  val: macroF1=0.9131 apF1=0.8845 baF1=0.9417 cellF1=0.9117  (best ep21 F1=0.9298)
  fold4 ep029  loss=0.0432  val: macroF1=0.9286 apF1=0.9015 baF1=0.9556 cellF1=0.9174  (best ep26 F1=0.9311)
  fold4 ep034  loss=0.0424  val: macroF1=0.9320 apF1=0.9073 baF1=0.9567 cellF1=0.9239  (best ep33 F1=0.9333)
  fold4 ep039  loss=0.0422  val: macroF1=0.9286 apF1=0.9044 baF1=0.9529 cellF1=0.9233  (best ep33 F1=0.9333)
  fold4 ep044  loss=0.0415  val: macroF1=0.9298 apF1=0.9054 baF1=0.9541 cellF1=0.9265  (best ep40 F1=0.9340)
  fold4 ep049  loss=0.0402  val: macroF1=0.9333 apF1=0.9089 baF1=0.9576 cellF1=0.9270  (best ep46 F1=0.9343)
  fold4 ep054  loss=0.0406  val: macroF1=0.9246 apF1=0.8968 baF1=0.9523 cellF1=0.9188  (best ep46 F1=0.9343)
  fold4 ep059  loss=0.0409  val: macroF1=0.9339 apF1=0.9101 baF1=0.9578 cellF1=0.9261  (best ep46 F1=0.9343)
  fold4 ep064  loss=0.0400  val: macroF1=0.9299 apF1=0.9053 baF1=0.9546 cellF1=0.9234  (best ep46 F1=0.9343)
  fold4 ep069  loss=0.0396  val: macroF1=0.9340 apF1=0.9098 baF1=0.9582 cellF1=0.9266  (best ep46 F1=0.9343)
  fold4 early stop at ep71 (no val improvement for 25 ep)
  fold4 best ep=46  val macroF1=0.9343  (270s)

=== CV summary ===
  branch macro-F1: 0.9360 +/- 0.0039
  apical-F1      : 0.9119 +/- 0.0055
  basal-F1       : 0.9602 +/- 0.0031
  per-cell mean  : 0.9258 +/- 0.0037

=== Final retrain on full train (n=4483) for 75 epochs ===
    GNN class weight enabled: [0.8513543009757996, 1.269676923751831]
  ep000  train_loss=0.0827
  ep009  train_loss=0.0504
  ep019  train_loss=0.0465
  ep029  train_loss=0.0438
  ep039  train_loss=0.0428
  ep049  train_loss=0.0425
  ep059  train_loss=0.0411
  ep069  train_loss=0.0412

HELD-OUT TEST  branchMacroF1=0.9084  apF1=0.8743  baF1=0.9425  cellMeanF1=0.8760

Saved checkpoint to D:\Desktop\swc-autolabel-ml\paper\models\v12_pyramidal_only_seed2024\gnn_apical_basal.pt  (63.0 KB)
  GNN elapsed: 60.1 min (rc=0)

=== Evaluating on 4510 held-out pyramidals ===
  ... 200/4510  (6.3 min, ETA 136 min)
  ... 400/4510  (12.1 min, ETA 124 min)
  ... 600/4510  (17.0 min, ETA 111 min)
  ... 800/4510  (20.2 min, ETA 94 min)
  ... 1000/4510  (21.1 min, ETA 74 min)
  ... 1200/4510  (22.5 min, ETA 62 min)
  ... 1400/4510  (23.4 min, ETA 52 min)
  ... 1600/4510  (24.9 min, ETA 45 min)
  ... 1800/4510  (26.0 min, ETA 39 min)
  ... 2000/4510  (27.1 min, ETA 34 min)
  ... 2200/4510  (28.7 min, ETA 30 min)
  ... 2400/4510  (29.6 min, ETA 26 min)
  ... 2600/4510  (30.5 min, ETA 22 min)
  ... 2800/4510  (31.2 min, ETA 19 min)
  ... 3000/4510  (32.1 min, ETA 16 min)
  ... 3200/4510  (33.0 min, ETA 13 min)
  ... 3400/4510  (33.7 min, ETA 11 min)
  ... 3600/4510  (34.6 min, ETA 9 min)
  ... 3800/4510  (35.8 min, ETA 7 min)
  ... 4000/4510  (37.0 min, ETA 5 min)
  ... 4200/4510  (37.9 min, ETA 3 min)
  ... 4400/4510  (38.7 min, ETA 1 min)
  eval done: 4510 scored, 0 failed  (39.2 min)
  F1 mean=0.8968  median=1.0000  P10=0.5000  P25=0.9964
  CSV  -> D:\Desktop\swc-autolabel-ml\paper\results\pyramidal_only_eval_seed2024.csv
  JSON -> D:\Desktop\swc-autolabel-ml\paper\results\pyramidal_only_eval_seed2024.json

TOTAL ELAPSED: 120.3 min
Model -> D:\Desktop\swc-autolabel-ml\paper\models\v12_pyramidal_only_seed2024
