=== Pyramidal-only retrain  seed=2024  test_size=0.5 ===
  source model dir: v12_gentle_seed42
  output model dir: v12_pyramidal_only_seed2024_lmeasure
  SWCAL_GNN_FOCAL_GAMMA      = 2.0
  SWCAL_CLASS_BALANCE_POWER  = 1.25
  SWCAL_GNN_CLASS_WEIGHT     = inverse_sqrt

[Split] QC-passed pyramidals: 8488
  train=4225  test=4263
  GNN test_files.pyramidal = 7254 files  (test half + 2991 dropped)
  copied frozen artifact: cell_type_classifier.pkl
  copied frozen artifact: qc_gate.pkl

[Stage 2] training pyramidal sub-model on 4225 files...
  Stage 2 elapsed: 18.1 min
  merged Stage 2 -> D:\Desktop\swc-autolabel-ml\paper\models\v12_pyramidal_only_seed2024_lmeasure\branch_classifier.pkl  ({'merged_keys': ['interneuron', 'pyramidal'], 'source_interneuron_present': True, 'new_pyramidal_present': True})

[GNN] training (seed=2024, gnn-type=sage)...
  CMD: D:\Desktop\SWC-Studio\.venv\Scripts\python.exe -u -m paper.gnn_apical_basal --data-dir D:\Desktop\swc-autolabel-ml\data\v12_uncurated --eval-split D:\Desktop\swc-autolabel-ml\paper\models\v12_pyramidal_only_seed2024_lmeasure\eval_split_for_gnn.json --ckpt D:\Desktop\swc-autolabel-ml\paper\models\v12_pyramidal_only_seed2024_lmeasure\gnn_apical_basal.pt --seed 2024 --gnn-type sage
Device: cuda
  GPU: NVIDIA GeForce RTX 4080
Loading pyramidal graphs from D:\Desktop\swc-autolabel-ml\data\v12_uncurated ...
  processed 200 files, kept 200, branches so far: 40635 (apical/basal labeled: 19021)
  processed 400 files, kept 400, branches so far: 90789 (apical/basal labeled: 39298)
  processed 600 files, kept 600, branches so far: 140086 (apical/basal labeled: 57964)
  processed 800 files, kept 800, branches so far: 182629 (apical/basal labeled: 79907)
  processed 1000 files, kept 1000, branches so far: 232923 (apical/basal labeled: 99794)
  processed 1200 files, kept 1200, branches so far: 287310 (apical/basal labeled: 122098)
  processed 1400 files, kept 1400, branches so far: 335759 (apical/basal labeled: 143948)
  processed 1600 files, kept 1600, branches so far: 368254 (apical/basal labeled: 163168)
  processed 1800 files, kept 1800, branches so far: 380984 (apical/basal labeled: 175375)
  processed 2000 files, kept 2000, branches so far: 391715 (apical/basal labeled: 185187)
  processed 2200 files, kept 2200, branches so far: 404956 (apical/basal labeled: 196156)
  processed 2400 files, kept 2400, branches so far: 415463 (apical/basal labeled: 204116)
  processed 2600 files, kept 2600, branches so far: 426563 (apical/basal labeled: 212827)
  processed 2800 files, kept 2800, branches so far: 437422 (apical/basal labeled: 222661)
  processed 3000 files, kept 3000, branches so far: 449303 (apical/basal labeled: 233187)
  processed 3200 files, kept 3200, branches so far: 460758 (apical/basal labeled: 244375)
  processed 3400 files, kept 3400, branches so far: 476013 (apical/basal labeled: 255777)
  processed 3600 files, kept 3600, branches so far: 492611 (apical/basal labeled: 268144)
  processed 3800 files, kept 3800, branches so far: 508493 (apical/basal labeled: 277562)
  processed 4000 files, kept 4000, branches so far: 521780 (apical/basal labeled: 287311)
  processed 4200 files, kept 4200, branches so far: 532921 (apical/basal labeled: 298244)
  processed 4400 files, kept 4400, branches so far: 545324 (apical/basal labeled: 310433)
  processed 4600 files, kept 4600, branches so far: 569911 (apical/basal labeled: 330154)
  processed 4800 files, kept 4800, branches so far: 595232 (apical/basal labeled: 348575)
  processed 5000 files, kept 5000, branches so far: 612232 (apical/basal labeled: 361055)
  processed 5200 files, kept 5200, branches so far: 622461 (apical/basal labeled: 370981)
  processed 5400 files, kept 5400, branches so far: 634321 (apical/basal labeled: 382768)
  processed 5600 files, kept 5600, branches so far: 645966 (apical/basal labeled: 393397)
  processed 5800 files, kept 5800, branches so far: 659593 (apical/basal labeled: 405793)
  processed 6000 files, kept 6000, branches so far: 666854 (apical/basal labeled: 412134)
  processed 6200 files, kept 6200, branches so far: 671109 (apical/basal labeled: 416320)
  processed 6400 files, kept 6400, branches so far: 675190 (apical/basal labeled: 420401)
  processed 6600 files, kept 6600, branches so far: 684819 (apical/basal labeled: 430021)
  processed 6800 files, kept 6800, branches so far: 694952 (apical/basal labeled: 439231)
  processed 7000 files, kept 7000, branches so far: 704262 (apical/basal labeled: 446570)
  processed 7200 files, kept 7200, branches so far: 710741 (apical/basal labeled: 453049)
  processed 7400 files, kept 7400, branches so far: 718671 (apical/basal labeled: 460979)
  processed 7600 files, kept 7600, branches so far: 726876 (apical/basal labeled: 467659)
  processed 7800 files, kept 7800, branches so far: 739231 (apical/basal labeled: 479152)
  processed 8000 files, kept 8000, branches so far: 746246 (apical/basal labeled: 485919)
  processed 8200 files, kept 8200, branches so far: 756507 (apical/basal labeled: 495933)
  processed 8400 files, kept 8400, branches so far: 766976 (apical/basal labeled: 506360)
  processed 8600 files, kept 8600, branches so far: 788318 (apical/basal labeled: 527409)
  processed 8800 files, kept 8800, branches so far: 808668 (apical/basal labeled: 546809)
  processed 9000 files, kept 9000, branches so far: 838510 (apical/basal labeled: 554174)
  processed 9200 files, kept 9200, branches so far: 843263 (apical/basal labeled: 558754)
  processed 9400 files, kept 9400, branches so far: 853777 (apical/basal labeled: 569110)
  processed 9600 files, kept 9545, branches so far: 860373 (apical/basal labeled: 569241)
  processed 9800 files, kept 9744, branches so far: 871283 (apical/basal labeled: 569241)
  processed 10000 files, kept 9943, branches so far: 882760 (apical/basal labeled: 569241)
  processed 10200 files, kept 10143, branches so far: 894812 (apical/basal labeled: 569241)
  processed 10600 files, kept 10460, branches so far: 914882 (apical/basal labeled: 579047)
  processed 10800 files, kept 10660, branches so far: 919623 (apical/basal labeled: 581687)
  processed 11000 files, kept 10860, branches so far: 928435 (apical/basal labeled: 589504)
  processed 11200 files, kept 11060, branches so far: 937280 (apical/basal labeled: 598233)
  processed 11400 files, kept 11260, branches so far: 945293 (apical/basal labeled: 606092)
  total=11339  train=4225  test=7114  (expected: 763 / 169 from eval_split.json)
  train apical/basal labeled branches: 273768
  test  apical/basal labeled branches: 336518
  WARN: 140 test files not found: e.g. neuromorpho__Snap-56.swc

Train graphs: 4225  apical/basal-labeled branches: 273768
Input feature dim: 51
Model: 2-layer GraphSAGE, hidden=64, dropout=0.2, params=14,978

=== Fold 1/5  train=3380  val=845 ===
    GNN class weight enabled: [0.8464030623435974, 1.2865761518478394]
  fold0 ep000  loss=0.0745  val: macroF1=0.8891 apF1=0.8480 baF1=0.9301 cellF1=0.8999  (best ep0 F1=0.8891)
  fold0 ep004  loss=0.0452  val: macroF1=0.9074 apF1=0.8745 baF1=0.9403 cellF1=0.9197  (best ep4 F1=0.9074)
  fold0 ep009  loss=0.0402  val: macroF1=0.9104 apF1=0.8784 baF1=0.9424 cellF1=0.9218  (best ep8 F1=0.9251)
  fold0 ep014  loss=0.0402  val: macroF1=0.9111 apF1=0.8786 baF1=0.9436 cellF1=0.9205  (best ep12 F1=0.9300)
  fold0 ep019  loss=0.0360  val: macroF1=0.9224 apF1=0.8943 baF1=0.9505 cellF1=0.9181  (best ep12 F1=0.9300)
  fold0 ep024  loss=0.0340  val: macroF1=0.9290 apF1=0.9041 baF1=0.9539 cellF1=0.9242  (best ep21 F1=0.9310)
  fold0 ep029  loss=0.0334  val: macroF1=0.9334 apF1=0.9103 baF1=0.9565 cellF1=0.9312  (best ep29 F1=0.9334)
  fold0 ep034  loss=0.0325  val: macroF1=0.9298 apF1=0.9058 baF1=0.9538 cellF1=0.9275  (best ep29 F1=0.9334)
  fold0 ep039  loss=0.0326  val: macroF1=0.9343 apF1=0.9113 baF1=0.9573 cellF1=0.9305  (best ep39 F1=0.9343)
  fold0 ep044  loss=0.0326  val: macroF1=0.9321 apF1=0.9083 baF1=0.9558 cellF1=0.9289  (best ep39 F1=0.9343)
  fold0 ep049  loss=0.0307  val: macroF1=0.9239 apF1=0.8982 baF1=0.9496 cellF1=0.9278  (best ep47 F1=0.9357)
  fold0 ep054  loss=0.0307  val: macroF1=0.9092 apF1=0.8747 baF1=0.9437 cellF1=0.9147  (best ep50 F1=0.9363)
  fold0 ep059  loss=0.0304  val: macroF1=0.9197 apF1=0.8905 baF1=0.9490 cellF1=0.9257  (best ep50 F1=0.9363)
  fold0 ep064  loss=0.0303  val: macroF1=0.9278 apF1=0.9024 baF1=0.9532 cellF1=0.9239  (best ep50 F1=0.9363)
  fold0 ep069  loss=0.0291  val: macroF1=0.9189 apF1=0.8879 baF1=0.9500 cellF1=0.9206  (best ep67 F1=0.9378)
  fold0 ep074  loss=0.0299  val: macroF1=0.9287 apF1=0.9026 baF1=0.9547 cellF1=0.9264  (best ep67 F1=0.9378)
  fold0 ep079  loss=0.0292  val: macroF1=0.9345 apF1=0.9115 baF1=0.9574 cellF1=0.9300  (best ep67 F1=0.9378)
  fold0 ep084  loss=0.0288  val: macroF1=0.9338 apF1=0.9108 baF1=0.9568 cellF1=0.9315  (best ep67 F1=0.9378)
  fold0 ep089  loss=0.0289  val: macroF1=0.9354 apF1=0.9125 baF1=0.9582 cellF1=0.9300  (best ep67 F1=0.9378)
  fold0 ep094  loss=0.0288  val: macroF1=0.9291 apF1=0.9041 baF1=0.9541 cellF1=0.9240  (best ep90 F1=0.9384)
  fold0 ep099  loss=0.0305  val: macroF1=0.9249 apF1=0.9001 baF1=0.9497 cellF1=0.9267  (best ep90 F1=0.9384)
  fold0 ep104  loss=0.0290  val: macroF1=0.9255 apF1=0.8995 baF1=0.9516 cellF1=0.9297  (best ep90 F1=0.9384)
  fold0 ep109  loss=0.0294  val: macroF1=0.9360 apF1=0.9127 baF1=0.9593 cellF1=0.9306  (best ep90 F1=0.9384)
  fold0 ep114  loss=0.0279  val: macroF1=0.9331 apF1=0.9089 baF1=0.9572 cellF1=0.9258  (best ep90 F1=0.9384)
  fold0 early stop at ep115 (no val improvement for 25 ep)
  fold0 best ep=90  val macroF1=0.9384  (248s)

=== Fold 2/5  train=3380  val=845 ===
    GNN class weight enabled: [0.8491674065589905, 1.277022123336792]
  fold1 ep000  loss=0.0786  val: macroF1=0.9149 apF1=0.8824 baF1=0.9473 cellF1=0.9190  (best ep0 F1=0.9149)
  fold1 ep004  loss=0.0502  val: macroF1=0.9291 apF1=0.9025 baF1=0.9558 cellF1=0.9297  (best ep3 F1=0.9293)
  fold1 ep009  loss=0.0432  val: macroF1=0.9307 apF1=0.9043 baF1=0.9570 cellF1=0.9317  (best ep8 F1=0.9387)
  fold1 ep014  loss=0.0428  val: macroF1=0.9342 apF1=0.9099 baF1=0.9584 cellF1=0.9342  (best ep13 F1=0.9458)
  fold1 ep019  loss=0.0399  val: macroF1=0.9346 apF1=0.9099 baF1=0.9592 cellF1=0.9325  (best ep13 F1=0.9458)
  fold1 ep024  loss=0.0377  val: macroF1=0.9247 apF1=0.8974 baF1=0.9521 cellF1=0.9300  (best ep13 F1=0.9458)
  fold1 ep029  loss=0.0362  val: macroF1=0.9482 apF1=0.9279 baF1=0.9684 cellF1=0.9384  (best ep29 F1=0.9482)
  fold1 ep034  loss=0.0357  val: macroF1=0.9452 apF1=0.9240 baF1=0.9664 cellF1=0.9392  (best ep32 F1=0.9492)
  fold1 ep039  loss=0.0350  val: macroF1=0.9421 apF1=0.9203 baF1=0.9639 cellF1=0.9365  (best ep32 F1=0.9492)
  fold1 ep044  loss=0.0337  val: macroF1=0.9519 apF1=0.9329 baF1=0.9709 cellF1=0.9404  (best ep44 F1=0.9519)
  fold1 ep049  loss=0.0375  val: macroF1=0.9483 apF1=0.9283 baF1=0.9683 cellF1=0.9403  (best ep44 F1=0.9519)
  fold1 ep054  loss=0.0336  val: macroF1=0.9448 apF1=0.9235 baF1=0.9661 cellF1=0.9366  (best ep44 F1=0.9519)
  fold1 ep059  loss=0.0330  val: macroF1=0.9437 apF1=0.9221 baF1=0.9653 cellF1=0.9387  (best ep44 F1=0.9519)
  fold1 ep064  loss=0.0316  val: macroF1=0.9476 apF1=0.9273 baF1=0.9679 cellF1=0.9386  (best ep44 F1=0.9519)
  fold1 ep069  loss=0.0314  val: macroF1=0.9434 apF1=0.9221 baF1=0.9647 cellF1=0.9403  (best ep44 F1=0.9519)
  fold1 early stop at ep69 (no val improvement for 25 ep)
  fold1 best ep=44  val macroF1=0.9519  (158s)

=== Fold 3/5  train=3380  val=845 ===
    GNN class weight enabled: [0.8485025763511658, 1.2792918682098389]
  fold2 ep000  loss=0.0784  val: macroF1=0.9036 apF1=0.8682 baF1=0.9389 cellF1=0.9094  (best ep0 F1=0.9036)
  fold2 ep004  loss=0.0497  val: macroF1=0.9264 apF1=0.8986 baF1=0.9543 cellF1=0.9216  (best ep4 F1=0.9264)
  fold2 ep009  loss=0.0413  val: macroF1=0.9361 apF1=0.9117 baF1=0.9605 cellF1=0.9266  (best ep8 F1=0.9368)
  fold2 ep014  loss=0.0389  val: macroF1=0.9338 apF1=0.9091 baF1=0.9586 cellF1=0.9289  (best ep13 F1=0.9393)
  fold2 ep019  loss=0.0375  val: macroF1=0.9384 apF1=0.9156 baF1=0.9612 cellF1=0.9375  (best ep16 F1=0.9427)
  fold2 ep024  loss=0.0347  val: macroF1=0.9401 apF1=0.9180 baF1=0.9622 cellF1=0.9368  (best ep22 F1=0.9428)
  fold2 ep029  loss=0.0342  val: macroF1=0.9430 apF1=0.9218 baF1=0.9642 cellF1=0.9426  (best ep29 F1=0.9430)
  fold2 ep034  loss=0.0330  val: macroF1=0.9372 apF1=0.9141 baF1=0.9604 cellF1=0.9392  (best ep31 F1=0.9442)
  fold2 ep039  loss=0.0317  val: macroF1=0.9436 apF1=0.9225 baF1=0.9646 cellF1=0.9433  (best ep31 F1=0.9442)
  fold2 ep044  loss=0.0309  val: macroF1=0.9436 apF1=0.9220 baF1=0.9653 cellF1=0.9408  (best ep41 F1=0.9454)
  fold2 ep049  loss=0.0309  val: macroF1=0.9386 apF1=0.9163 baF1=0.9609 cellF1=0.9389  (best ep41 F1=0.9454)
  fold2 ep054  loss=0.0316  val: macroF1=0.9403 apF1=0.9176 baF1=0.9630 cellF1=0.9372  (best ep41 F1=0.9454)
  fold2 ep059  loss=0.0328  val: macroF1=0.9415 apF1=0.9193 baF1=0.9636 cellF1=0.9372  (best ep57 F1=0.9460)
  fold2 ep064  loss=0.0298  val: macroF1=0.9450 apF1=0.9239 baF1=0.9662 cellF1=0.9415  (best ep57 F1=0.9460)
  fold2 ep069  loss=0.0294  val: macroF1=0.9430 apF1=0.9215 baF1=0.9644 cellF1=0.9434  (best ep57 F1=0.9460)
  fold2 ep074  loss=0.0299  val: macroF1=0.9428 apF1=0.9217 baF1=0.9640 cellF1=0.9425  (best ep57 F1=0.9460)
  fold2 ep079  loss=0.0292  val: macroF1=0.9431 apF1=0.9212 baF1=0.9651 cellF1=0.9409  (best ep57 F1=0.9460)
  fold2 ep084  loss=0.0302  val: macroF1=0.9458 apF1=0.9249 baF1=0.9667 cellF1=0.9402  (best ep80 F1=0.9468)
  fold2 ep089  loss=0.0293  val: macroF1=0.9429 apF1=0.9211 baF1=0.9647 cellF1=0.9397  (best ep80 F1=0.9468)
  fold2 ep094  loss=0.0284  val: macroF1=0.9422 apF1=0.9199 baF1=0.9646 cellF1=0.9362  (best ep92 F1=0.9473)
  fold2 ep099  loss=0.0298  val: macroF1=0.9407 apF1=0.9180 baF1=0.9633 cellF1=0.9374  (best ep92 F1=0.9473)
  fold2 ep104  loss=0.0284  val: macroF1=0.9460 apF1=0.9257 baF1=0.9663 cellF1=0.9449  (best ep92 F1=0.9473)
  fold2 ep109  loss=0.0280  val: macroF1=0.9422 apF1=0.9207 baF1=0.9636 cellF1=0.9446  (best ep92 F1=0.9473)
  fold2 ep114  loss=0.0282  val: macroF1=0.9445 apF1=0.9239 baF1=0.9651 cellF1=0.9460  (best ep111 F1=0.9477)
  fold2 ep119  loss=0.0289  val: macroF1=0.9359 apF1=0.9125 baF1=0.9593 cellF1=0.9378  (best ep111 F1=0.9477)
  fold2 ep124  loss=0.0288  val: macroF1=0.9446 apF1=0.9240 baF1=0.9653 cellF1=0.9442  (best ep111 F1=0.9477)
  fold2 ep129  loss=0.0279  val: macroF1=0.9360 apF1=0.9131 baF1=0.9590 cellF1=0.9365  (best ep111 F1=0.9477)
  fold2 ep134  loss=0.0292  val: macroF1=0.9454 apF1=0.9245 baF1=0.9663 cellF1=0.9418  (best ep111 F1=0.9477)
  fold2 early stop at ep136 (no val improvement for 25 ep)
  fold2 best ep=111  val macroF1=0.9477  (295s)

=== Fold 4/5  train=3380  val=845 ===
    GNN class weight enabled: [0.8478437662124634, 1.2815583944320679]
  fold3 ep000  loss=0.0755  val: macroF1=0.9082 apF1=0.8746 baF1=0.9418 cellF1=0.9111  (best ep0 F1=0.9082)
  fold3 ep004  loss=0.0488  val: macroF1=0.9338 apF1=0.9091 baF1=0.9584 cellF1=0.9289  (best ep4 F1=0.9338)
  fold3 ep009  loss=0.0421  val: macroF1=0.9375 apF1=0.9143 baF1=0.9608 cellF1=0.9346  (best ep9 F1=0.9375)
  fold3 ep014  loss=0.0393  val: macroF1=0.9371 apF1=0.9140 baF1=0.9603 cellF1=0.9336  (best ep13 F1=0.9379)
  fold3 ep019  loss=0.0375  val: macroF1=0.9435 apF1=0.9227 baF1=0.9642 cellF1=0.9401  (best ep19 F1=0.9435)
  fold3 ep024  loss=0.0357  val: macroF1=0.9373 apF1=0.9149 baF1=0.9596 cellF1=0.9371  (best ep19 F1=0.9435)
  fold3 ep029  loss=0.0358  val: macroF1=0.8907 apF1=0.8565 baF1=0.9248 cellF1=0.9130  (best ep27 F1=0.9446)
  fold3 ep034  loss=0.0348  val: macroF1=0.9404 apF1=0.9180 baF1=0.9629 cellF1=0.9334  (best ep32 F1=0.9453)
  fold3 ep039  loss=0.0337  val: macroF1=0.9483 apF1=0.9291 baF1=0.9675 cellF1=0.9426  (best ep39 F1=0.9483)
  fold3 ep044  loss=0.0323  val: macroF1=0.9419 apF1=0.9202 baF1=0.9635 cellF1=0.9378  (best ep39 F1=0.9483)
  fold3 ep049  loss=0.0321  val: macroF1=0.9443 apF1=0.9237 baF1=0.9648 cellF1=0.9415  (best ep39 F1=0.9483)
  fold3 ep054  loss=0.0322  val: macroF1=0.9438 apF1=0.9228 baF1=0.9648 cellF1=0.9406  (best ep39 F1=0.9483)
  fold3 ep059  loss=0.0307  val: macroF1=0.9447 apF1=0.9246 baF1=0.9648 cellF1=0.9430  (best ep39 F1=0.9483)
  fold3 ep064  loss=0.0318  val: macroF1=0.9477 apF1=0.9279 baF1=0.9675 cellF1=0.9419  (best ep60 F1=0.9495)
  fold3 ep069  loss=0.0306  val: macroF1=0.9399 apF1=0.9178 baF1=0.9619 cellF1=0.9391  (best ep68 F1=0.9496)
  fold3 ep074  loss=0.0303  val: macroF1=0.9467 apF1=0.9270 baF1=0.9664 cellF1=0.9426  (best ep68 F1=0.9496)
  fold3 ep079  loss=0.0305  val: macroF1=0.9415 apF1=0.9196 baF1=0.9634 cellF1=0.9399  (best ep68 F1=0.9496)
  fold3 ep084  loss=0.0323  val: macroF1=0.9325 apF1=0.9081 baF1=0.9568 cellF1=0.9343  (best ep68 F1=0.9496)
  fold3 ep089  loss=0.0297  val: macroF1=0.9439 apF1=0.9227 baF1=0.9650 cellF1=0.9401  (best ep68 F1=0.9496)
  fold3 early stop at ep93 (no val improvement for 25 ep)
  fold3 best ep=68  val macroF1=0.9496  (211s)

=== Fold 5/5  train=3380  val=845 ===
    GNN class weight enabled: [0.8514425158500671, 1.2693843841552734]
  fold4 ep000  loss=0.0727  val: macroF1=0.8821 apF1=0.8405 baF1=0.9236 cellF1=0.9130  (best ep0 F1=0.8821)
  fold4 ep004  loss=0.0465  val: macroF1=0.9225 apF1=0.8920 baF1=0.9531 cellF1=0.9366  (best ep3 F1=0.9304)
  fold4 ep009  loss=0.0422  val: macroF1=0.9362 apF1=0.9097 baF1=0.9628 cellF1=0.9407  (best ep9 F1=0.9362)
  fold4 ep014  loss=0.0394  val: macroF1=0.9277 apF1=0.8995 baF1=0.9559 cellF1=0.9398  (best ep10 F1=0.9365)
  fold4 ep019  loss=0.0348  val: macroF1=0.9360 apF1=0.9101 baF1=0.9619 cellF1=0.9406  (best ep10 F1=0.9365)
  fold4 ep024  loss=0.0359  val: macroF1=0.9289 apF1=0.9003 baF1=0.9575 cellF1=0.9358  (best ep21 F1=0.9374)
  fold4 ep029  loss=0.0339  val: macroF1=0.9325 apF1=0.9057 baF1=0.9593 cellF1=0.9416  (best ep27 F1=0.9397)
  fold4 ep034  loss=0.0337  val: macroF1=0.9352 apF1=0.9092 baF1=0.9611 cellF1=0.9433  (best ep27 F1=0.9397)
  fold4 ep039  loss=0.0331  val: macroF1=0.9299 apF1=0.9019 baF1=0.9578 cellF1=0.9394  (best ep36 F1=0.9409)
  fold4 ep044  loss=0.0314  val: macroF1=0.9288 apF1=0.9013 baF1=0.9562 cellF1=0.9426  (best ep36 F1=0.9409)
  fold4 ep049  loss=0.0324  val: macroF1=0.9323 apF1=0.9053 baF1=0.9594 cellF1=0.9422  (best ep36 F1=0.9409)
  fold4 ep054  loss=0.0316  val: macroF1=0.9367 apF1=0.9099 baF1=0.9634 cellF1=0.9409  (best ep53 F1=0.9410)
  fold4 ep059  loss=0.0318  val: macroF1=0.9353 apF1=0.9091 baF1=0.9614 cellF1=0.9422  (best ep53 F1=0.9410)
  fold4 ep064  loss=0.0305  val: macroF1=0.9317 apF1=0.9037 baF1=0.9598 cellF1=0.9361  (best ep53 F1=0.9410)
  fold4 ep069  loss=0.0307  val: macroF1=0.9378 apF1=0.9119 baF1=0.9636 cellF1=0.9436  (best ep53 F1=0.9410)
  fold4 ep074  loss=0.0300  val: macroF1=0.9389 apF1=0.9135 baF1=0.9644 cellF1=0.9432  (best ep53 F1=0.9410)
  fold4 early stop at ep78 (no val improvement for 25 ep)
  fold4 best ep=53  val macroF1=0.9410  (173s)

=== CV summary ===
  branch macro-F1: 0.9457 +/- 0.0051
  apical-F1      : 0.9249 +/- 0.0070
  basal-F1       : 0.9665 +/- 0.0036
  per-cell mean  : 0.9420 +/- 0.0047

=== Final retrain on full train (n=4225) for 69 epochs ===
    GNN class weight enabled: [0.8486725091934204, 1.278710126876831]
  ep000  train_loss=0.0741
  ep009  train_loss=0.0425
  ep019  train_loss=0.0389
  ep029  train_loss=0.0355
  ep039  train_loss=0.0347
  ep049  train_loss=0.0336
  ep059  train_loss=0.0332

HELD-OUT TEST  branchMacroF1=0.9249  apF1=0.8952  baF1=0.9545  cellMeanF1=0.9093

Saved checkpoint to D:\Desktop\swc-autolabel-ml\paper\models\v12_pyramidal_only_seed2024_lmeasure\gnn_apical_basal.pt  (65.2 KB)
  GNN elapsed: 38.3 min (rc=0)

=== Evaluating on 4263 held-out pyramidals ===
  ... 200/4263  (4.6 min, ETA 94 min)
  ... 400/4263  (10.0 min, ETA 97 min)
  ... 600/4263  (15.0 min, ETA 91 min)
  ... 800/4263  (18.2 min, ETA 79 min)
  ... 1000/4263  (19.1 min, ETA 62 min)
  WARN pipeline neuromorpho__20180207A01.swc: X has 68 features, but StandardScaler is expecting 64 features as input.
  ... 1200/4263  (20.5 min, ETA 52 min)
  ... 1400/4263  (21.4 min, ETA 44 min)
  ... 1600/4263  (22.9 min, ETA 38 min)
  ... 1800/4263  (23.9 min, ETA 33 min)
  ... 2000/4263  (25.2 min, ETA 29 min)
  ... 2200/4263  (26.6 min, ETA 25 min)
  ... 2400/4263  (27.5 min, ETA 21 min)
  ... 2600/4263  (28.4 min, ETA 18 min)
  ... 2800/4263  (29.0 min, ETA 15 min)
  ... 3000/4263  (30.1 min, ETA 13 min)
  ... 3200/4263  (30.7 min, ETA 10 min)
  ... 3400/4263  (31.6 min, ETA 8 min)
  WARN pipeline neuromorpho__Mouse_CA2_Ma_Cell_9_Mc_Cell_4-2.swc: X has 68 features, but StandardScaler is expecting 64 features as input.
  ... 3600/4263  (32.6 min, ETA 6 min)
  WARN pipeline neuromorpho__Oi27rpy1-1.swc: X has 68 features, but StandardScaler is expecting 64 features as input.
  WARN pipeline neuromorpho__oi57rpy1-1.swc: X has 68 features, but StandardScaler is expecting 64 features as input.
  ... 3800/4263  (34.0 min, ETA 4 min)
  ... 4000/4263  (34.8 min, ETA 2 min)
  ... 4200/4263  (35.6 min, ETA 1 min)
  eval done: 4259 scored, 4 failed  (35.9 min)
  F1 mean=0.9074  median=1.0000  P10=0.5512  P25=0.9993
  CSV  -> D:\Desktop\swc-autolabel-ml\paper\results\pyramidal_only_eval_seed2024_lmeasure.csv
  JSON -> D:\Desktop\swc-autolabel-ml\paper\results\pyramidal_only_eval_seed2024_lmeasure.json

TOTAL ELAPSED: 92.4 min
Model -> D:\Desktop\swc-autolabel-ml\paper\models\v12_pyramidal_only_seed2024_lmeasure
