Device: cuda
  GPU: NVIDIA GeForce RTX 4080
Model dir: paper\models\v12_gentle_seed42
Branch3 focal gamma: 2.0
Branch3 class weight: inverse_sqrt
Split: train=6826 test=1662
Loaded old apical/basal GNN: paper\models\v12_gentle_seed42\gnn_apical_basal.pt

Building Branch3 train graphs...
  loaded cache D:\Desktop\swc-autolabel-ml\paper\models\v12_gentle_seed42\branch3_cache\train_full_with_old_gnn.pt (6826 graphs)

Building Branch3 held-out graphs...
  loaded cache D:\Desktop\swc-autolabel-ml\paper\models\v12_gentle_seed42\branch3_cache\test_full_with_old_gnn.pt (1662 graphs)

Graphs: train=6826 test=1662 in_dim=76 train_labeled=643316 test_labeled=154324

=== Branch3 fold 1/5: train=5460 val=1366 ===
    Branch3 class weight: [0.9396140575408936, 0.9077996611595154, 1.2366509437561035]
  fold0 ep000 loss=0.0272 val macro=0.9948 ax=0.9987 ba=0.9950 ap=0.9908 cell=0.9821 best=0.9948
  fold0 ep004 loss=0.0027 val macro=0.9977 ax=0.9996 ba=0.9978 ap=0.9957 cell=0.9924 best=0.9977
  fold0 ep009 loss=0.0027 val macro=0.9976 ax=0.9996 ba=0.9977 ap=0.9955 cell=0.9950 best=0.9979
  fold0 ep014 loss=0.0026 val macro=0.9974 ax=0.9996 ba=0.9975 ap=0.9950 cell=0.9956 best=0.9979
  fold0 ep019 loss=0.0022 val macro=0.9978 ax=0.9996 ba=0.9979 ap=0.9959 cell=0.9946 best=0.9979
  fold0 ep024 loss=0.0028 val macro=0.9970 ax=0.9996 ba=0.9971 ap=0.9943 cell=0.9931 best=0.9979
  fold0 ep029 loss=0.0023 val macro=0.9979 ax=0.9996 ba=0.9980 ap=0.9961 cell=0.9955 best=0.9981
  fold0 ep034 loss=0.0021 val macro=0.9969 ax=0.9994 ba=0.9970 ap=0.9944 cell=0.9932 best=0.9981
  fold0 ep039 loss=0.0024 val macro=0.9972 ax=0.9995 ba=0.9973 ap=0.9948 cell=0.9944 best=0.9981
  fold0 ep044 loss=0.0024 val macro=0.9975 ax=0.9993 ba=0.9976 ap=0.9957 cell=0.9922 best=0.9981
  fold0 ep049 loss=0.0024 val macro=0.9975 ax=0.9994 ba=0.9976 ap=0.9954 cell=0.9943 best=0.9981
  fold0 ep054 loss=0.0021 val macro=0.9968 ax=0.9997 ba=0.9969 ap=0.9937 cell=0.9961 best=0.9981
  fold0 ep059 loss=0.0023 val macro=0.9976 ax=0.9995 ba=0.9977 ap=0.9955 cell=0.9920 best=0.9981
  fold0 ep064 loss=0.0025 val macro=0.9971 ax=0.9996 ba=0.9972 ap=0.9944 cell=0.9944 best=0.9981
  fold0 ep069 loss=0.0027 val macro=0.9978 ax=0.9996 ba=0.9979 ap=0.9960 cell=0.9951 best=0.9981
  fold0 early stop at ep70
  fold0 best ep=45 macro=0.9981 apical=0.9965

=== Branch3 fold 2/5: train=5461 val=1365 ===
    Branch3 class weight: [0.9469059109687805, 0.9050214290618896, 1.227379560470581]
  fold1 ep000 loss=0.0282 val macro=0.9927 ax=0.9979 ba=0.9928 ap=0.9875 cell=0.9792 best=0.9927
  fold1 ep004 loss=0.0022 val macro=0.9953 ax=0.9986 ba=0.9953 ap=0.9919 cell=0.9911 best=0.9953
  fold1 ep009 loss=0.0023 val macro=0.9945 ax=0.9983 ba=0.9946 ap=0.9907 cell=0.9902 best=0.9953
  fold1 ep014 loss=0.0021 val macro=0.9965 ax=0.9993 ba=0.9966 ap=0.9934 cell=0.9939 best=0.9965
  fold1 ep019 loss=0.0021 val macro=0.9947 ax=0.9992 ba=0.9948 ap=0.9900 cell=0.9944 best=0.9965
  fold1 ep024 loss=0.0023 val macro=0.9954 ax=0.9985 ba=0.9955 ap=0.9922 cell=0.9884 best=0.9965
  fold1 ep029 loss=0.0022 val macro=0.9962 ax=0.9993 ba=0.9964 ap=0.9929 cell=0.9898 best=0.9965
  fold1 ep034 loss=0.0022 val macro=0.9930 ax=0.9983 ba=0.9931 ap=0.9876 cell=0.9933 best=0.9965
  fold1 ep039 loss=0.0022 val macro=0.9959 ax=0.9988 ba=0.9961 ap=0.9929 cell=0.9925 best=0.9965
  fold1 early stop at ep39
  fold1 best ep=14 macro=0.9965 apical=0.9934

=== Branch3 fold 3/5: train=5461 val=1365 ===
    Branch3 class weight: [0.9431437849998474, 0.9091437458992004, 1.2254136800765991]
  fold2 ep000 loss=0.0227 val macro=0.9943 ax=0.9978 ba=0.9946 ap=0.9905 cell=0.9763 best=0.9943
  fold2 ep004 loss=0.0025 val macro=0.9973 ax=0.9996 ba=0.9975 ap=0.9948 cell=0.9949 best=0.9973
  fold2 ep009 loss=0.0026 val macro=0.9968 ax=0.9996 ba=0.9970 ap=0.9937 cell=0.9965 best=0.9974
  fold2 ep014 loss=0.0020 val macro=0.9973 ax=0.9996 ba=0.9975 ap=0.9948 cell=0.9952 best=0.9974
  fold2 ep019 loss=0.0023 val macro=0.9957 ax=0.9997 ba=0.9960 ap=0.9914 cell=0.9944 best=0.9974
  fold2 ep024 loss=0.0024 val macro=0.9970 ax=0.9997 ba=0.9972 ap=0.9942 cell=0.9964 best=0.9974
  fold2 ep029 loss=0.0023 val macro=0.9966 ax=0.9996 ba=0.9969 ap=0.9934 cell=0.9949 best=0.9974
  fold2 ep034 loss=0.0023 val macro=0.9959 ax=0.9995 ba=0.9963 ap=0.9921 cell=0.9900 best=0.9974
  fold2 ep039 loss=0.0026 val macro=0.9977 ax=0.9997 ba=0.9979 ap=0.9956 cell=0.9942 best=0.9977
  fold2 ep044 loss=0.0027 val macro=0.9975 ax=0.9994 ba=0.9977 ap=0.9955 cell=0.9903 best=0.9977
  fold2 ep049 loss=0.0023 val macro=0.9972 ax=0.9997 ba=0.9974 ap=0.9944 cell=0.9952 best=0.9977
  fold2 ep054 loss=0.0023 val macro=0.9971 ax=0.9996 ba=0.9973 ap=0.9943 cell=0.9942 best=0.9977
  fold2 ep059 loss=0.0026 val macro=0.9961 ax=0.9996 ba=0.9963 ap=0.9923 cell=0.9954 best=0.9977
  fold2 ep064 loss=0.0022 val macro=0.9973 ax=0.9996 ba=0.9975 ap=0.9947 cell=0.9952 best=0.9977
  fold2 early stop at ep64
  fold2 best ep=39 macro=0.9977 apical=0.9956

=== Branch3 fold 4/5: train=5461 val=1365 ===
    Branch3 class weight: [0.9568922519683838, 0.9049683213233948, 1.2066409587860107]
  fold3 ep000 loss=0.0268 val macro=0.9930 ax=0.9995 ba=0.9937 ap=0.9857 cell=0.9864 best=0.9930
  fold3 ep004 loss=0.0024 val macro=0.9961 ax=0.9997 ba=0.9965 ap=0.9921 cell=0.9929 best=0.9961
  fold3 ep009 loss=0.0024 val macro=0.9967 ax=0.9997 ba=0.9970 ap=0.9934 cell=0.9918 best=0.9971
  fold3 ep014 loss=0.0023 val macro=0.9966 ax=0.9998 ba=0.9969 ap=0.9930 cell=0.9949 best=0.9971
  fold3 ep019 loss=0.0020 val macro=0.9970 ax=0.9998 ba=0.9973 ap=0.9938 cell=0.9950 best=0.9971
  fold3 ep024 loss=0.0026 val macro=0.9961 ax=0.9998 ba=0.9965 ap=0.9920 cell=0.9919 best=0.9976
  fold3 ep029 loss=0.0025 val macro=0.9966 ax=0.9998 ba=0.9969 ap=0.9929 cell=0.9949 best=0.9976
  fold3 ep034 loss=0.0023 val macro=0.9960 ax=0.9997 ba=0.9964 ap=0.9918 cell=0.9924 best=0.9976
  fold3 ep039 loss=0.0022 val macro=0.9957 ax=0.9998 ba=0.9961 ap=0.9911 cell=0.9937 best=0.9976
  fold3 ep044 loss=0.0023 val macro=0.9973 ax=0.9998 ba=0.9976 ap=0.9945 cell=0.9951 best=0.9976
  fold3 early stop at ep48
  fold3 best ep=23 macro=0.9976 apical=0.9951

=== Branch3 fold 5/5: train=5461 val=1365 ===
    Branch3 class weight: [0.9453482627868652, 0.9077564477920532, 1.2240028381347656]
  fold4 ep000 loss=0.0209 val macro=0.9931 ax=0.9987 ba=0.9934 ap=0.9873 cell=0.9809 best=0.9931
  fold4 ep004 loss=0.0026 val macro=0.9958 ax=0.9993 ba=0.9960 ap=0.9920 cell=0.9889 best=0.9963
  fold4 ep009 loss=0.0022 val macro=0.9950 ax=0.9995 ba=0.9953 ap=0.9903 cell=0.9922 best=0.9964
  fold4 ep014 loss=0.0032 val macro=0.9958 ax=0.9994 ba=0.9960 ap=0.9919 cell=0.9938 best=0.9967
  fold4 ep019 loss=0.0029 val macro=0.9958 ax=0.9994 ba=0.9961 ap=0.9920 cell=0.9891 best=0.9969
  fold4 ep024 loss=0.0022 val macro=0.9961 ax=0.9996 ba=0.9963 ap=0.9924 cell=0.9935 best=0.9969
  fold4 ep029 loss=0.0023 val macro=0.9957 ax=0.9996 ba=0.9959 ap=0.9915 cell=0.9886 best=0.9969
  fold4 ep034 loss=0.0021 val macro=0.9963 ax=0.9994 ba=0.9965 ap=0.9930 cell=0.9937 best=0.9969
  fold4 ep039 loss=0.0023 val macro=0.9964 ax=0.9995 ba=0.9966 ap=0.9930 cell=0.9901 best=0.9969
  fold4 early stop at ep43
  fold4 best ep=18 macro=0.9969 apical=0.9938

=== Branch3 final retrain on 6826 files for 24 epochs ===
    Branch3 class weight: [0.9463027715682983, 0.9069441556930542, 1.2239282131195068]
  ep000 train_loss=0.0242
  ep009 train_loss=0.0024
  ep019 train_loss=0.0025

Branch3 held-out branch metrics: macro=0.9616 axon=0.9786 basal=0.9656 apical=0.9406 cell=0.9432

Saved Branch3 checkpoint to paper\models\v12_gentle_seed42\gnn_branch3_rescue.pt (79.1 KB)
