
=== xmodel / all: cell_f060 ===
=== xmodel / all: axon_f050 head ===
=== xmodel / all: basal_f060 head ===
=== xmodel / all: apical_f050 head ===

=== xmodel / pyramidal: cell_f060 ===
=== xmodel / pyramidal: axon_f050 head ===
=== xmodel / pyramidal: basal_f060 head ===
=== xmodel / pyramidal: apical_f050 head ===

=== xmodel / interneuron: cell_f060 ===
=== xmodel / interneuron: axon_f050 head ===
=== xmodel / interneuron: basal_f060 head ===

=== xmodel_sanity / all: cell_f060 ===
=== xmodel_sanity / all: axon_f050 head ===
=== xmodel_sanity / all: basal_f060 head ===
=== xmodel_sanity / all: apical_f050 head ===

=== xmodel_sanity / pyramidal: cell_f060 ===
=== xmodel_sanity / pyramidal: axon_f050 head ===
=== xmodel_sanity / pyramidal: basal_f060 head ===
=== xmodel_sanity / pyramidal: apical_f050 head ===

=== xmodel_sanity / interneuron: cell_f060 ===
=== xmodel_sanity / interneuron: axon_f050 head ===
=== xmodel_sanity / interneuron: basal_f060 head ===
Flag improvement sweep, seed123 Branch3 heldout
================================================================================================
Rows are honest test metrics. Target is bad cell: held_out_F1 < 0.60.

Best rows for subset=pyramidal
------------------------------------------------------------------------------------------------
target_R  50% | test_P  55.6% test_R  57.1% flagged   36 fp   16 fn  15 acc  91.1% keptP10 0.8081 | single_failure_head_ranked_against_cell_f060 / xmodel / apical_f050 / hgb:full
target_R  70% | test_P  54.3% test_R  71.4% flagged   46 fp   21 fn  10 acc  91.1% keptP10 0.8752 | single_cell_f060 / xmodel_sanity / cell_f060 / gb:full
target_R  80% | test_P  33.7% test_R  91.4% flagged   95 fp   63 fn   3 acc  81.1% keptP10 0.9973 | single_failure_head_ranked_against_cell_f060 / xmodel_sanity / basal_f060 / rf:numeric_only
target_R  90% | test_P  16.5% test_R  94.3% flagged  200 fp  167 fn   2 acc  51.6% keptP10 1.0000 | single_failure_head_ranked_against_cell_f060 / xmodel / axon_f050 / rf:no_lab
target_R  95% | test_P  20.4% test_R  94.3% flagged  162 fp  129 fn   2 acc  62.5% keptP10 1.0000 | single_failure_head_ranked_against_cell_f060 / xmodel_sanity / basal_f060 / gb:numeric_only

Best rows for subset=interneuron
------------------------------------------------------------------------------------------------
target_R  50% | test_P  25.0% test_R  42.9% flagged   12 fp    9 fn   4 acc  90.2% keptP10 1.0000 | single_failure_head_ranked_against_cell_f060 / xmodel / basal_f060 / rf:no_lab
target_R  70% | test_P  16.2% test_R  85.7% flagged   37 fp   31 fn   1 acc  75.8% keptP10 1.0000 | two_stage_max_failure_heads / xmodel_sanity / cell_f060+axon_f050+basal_f060 / two_stage:max_validation_percentile
target_R  80% | test_P  16.3% test_R 100.0% flagged   43 fp   36 fn   0 acc  72.7% keptP10 1.0000 | two_stage_max_failure_heads / xmodel_sanity / cell_f060+axon_f050+basal_f060 / two_stage:max_validation_percentile
target_R  90% | test_P   7.2% test_R 100.0% flagged   97 fp   90 fn   0 acc  31.8% keptP10 1.0000 | single_failure_head_ranked_against_cell_f060 / xmodel / axon_f050 / extra_trees:no_lab
target_R  95% | test_P   7.2% test_R 100.0% flagged   97 fp   90 fn   0 acc  31.8% keptP10 1.0000 | single_failure_head_ranked_against_cell_f060 / xmodel / axon_f050 / extra_trees:no_lab

Best rows for subset=all
------------------------------------------------------------------------------------------------
target_R  50% | test_P  47.2% test_R  59.5% flagged   53 fp   28 fn  17 acc  90.6% keptP10 0.9529 | single_cell_f060 / xmodel_sanity / cell_f060 / extra_trees:no_lab
target_R  70% | test_P  43.1% test_R  73.8% flagged   72 fp   41 fn  11 acc  89.2% keptP10 0.9879 | two_stage_max_failure_heads / xmodel_sanity / cell_f060+axon_f050+basal_f060+apical_f050 / two_stage:max_validation_percentile
target_R  80% | test_P  28.9% test_R  83.3% flagged  121 fp   86 fn   7 acc  80.7% keptP10 0.9915 | single_failure_head_ranked_against_cell_f060 / xmodel / basal_f060 / extra_trees:numeric_only
target_R  90% | test_P  21.1% test_R  97.6% flagged  194 fp  153 fn   1 acc  68.0% keptP10 1.0000 | single_failure_head_ranked_against_cell_f060 / xmodel_sanity / basal_f060 / rf:full
target_R  95% | test_P  12.8% test_R 100.0% flagged  329 fp  287 fn   0 acc  40.3% keptP10 1.0000 | single_failure_head_ranked_against_cell_f060 / xmodel / basal_f060 / hgb:numeric_only

CSV: paper/results/flag_improvement_sweep_seed123_branch3.csv
JSON: paper/results/flag_improvement_sweep_seed123_branch3.json
Wrote paper/results/flag_improvement_sweep_seed123_branch3.csv
Wrote paper/results/flag_improvement_sweep_seed123_branch3.txt
